---
source: external-crates/move/crates/move-transactional-test-runner/src/framework.rs
---
processed 16 tasks

init:
A: object(0,0), B: object(0,1)

task 1, lines 18-35:
//# publish
created: object(1,0)
mutated: object(0,2)
gas summary: computation_cost: 1000000, computation_cost_burned: 1000000, storage_cost: 5472000,  storage_rebate: 0, non_refundable_storage_fee: 0

task 2, lines 37-38:
//# programmable --sender A --inputs 0 1 @A
//> 0: Test::M1::create(Input(0), Input(2));
created: object(2,0)
mutated: object(0,0)
gas summary: computation_cost: 1000000, computation_cost_burned: 1000000, storage_cost: 2287600,  storage_rebate: 0, non_refundable_storage_fee: 0

task 3, line 40:
//# create-checkpoint
Checkpoint created: 1

task 4, lines 42-45:
//# programmable --sender A --inputs object(2,0) 100 2 3 @A
//> Test::M1::set_value(Input(0), Input(1));
//> Test::M1::create(Input(2), Input(4));
//> Test::M1::create(Input(3), Input(4));
created: object(4,0), object(4,1)
mutated: object(0,0), object(2,0)
gas summary: computation_cost: 1000000, computation_cost_burned: 1000000, storage_cost: 4902000,  storage_rebate: 2287600, non_refundable_storage_fee: 0

task 5, line 47:
//# create-checkpoint
Checkpoint created: 2

task 6, lines 49-53:
//# programmable --sender A --inputs object(2,0) 200 4 5 6 @A
//> Test::M1::set_value(Input(0), Input(1));
//> Test::M1::create(Input(2), Input(5));
//> Test::M1::create(Input(3), Input(5));
//> Test::M1::create(Input(4), Input(5));
created: object(6,0), object(6,1), object(6,2)
mutated: object(0,0), object(2,0)
gas summary: computation_cost: 1000000, computation_cost_burned: 1000000, storage_cost: 6209200,  storage_rebate: 2287600, non_refundable_storage_fee: 0

task 7, line 55:
//# create-checkpoint
Checkpoint created: 3

task 9, line 59:
//# create-checkpoint
Checkpoint created: 4

task 10, lines 61-135:
//# run-graphql
Response: {
  "data": {
    "address_at_latest_checkpoint_4": {
      "objects": {
        "nodes": [
          {
            "contents": {
              "json": {
                "id": "0x1170ab1d54dc033041348e0fddb6b48792cd63bb566a6011b0fb4e355ed5103b",
                "value": "4"
              },
              "type": {
                "repr": "0xdf9120e5a71690992b07514636e0fc181f0e7736076bd7a2a25eedfe79adfbc3::M1::Object"
              }
            }
          },
          {
            "contents": {
              "json": {
                "id": "0x5d126b311f3b9d95244fbe8b7190186a917fd2985e89921ded6db983dbfe7b8c",
                "value": "5"
              },
              "type": {
                "repr": "0xdf9120e5a71690992b07514636e0fc181f0e7736076bd7a2a25eedfe79adfbc3::M1::Object"
              }
            }
          },
          {
            "contents": {
              "json": {
                "id": "0x7fc49aa1c1027426c49381bad73bf30a57c552e0693836cf242ccad857463958",
                "value": "6"
              },
              "type": {
                "repr": "0xdf9120e5a71690992b07514636e0fc181f0e7736076bd7a2a25eedfe79adfbc3::M1::Object"
              }
            }
          },
          {
            "contents": {
              "json": {
                "id": "0xa968e0430577c27aea7b7be02d6b67bde1d6e788ca325844f1f6be26582d6828",
                "value": "2"
              },
              "type": {
                "repr": "0xdf9120e5a71690992b07514636e0fc181f0e7736076bd7a2a25eedfe79adfbc3::M1::Object"
              }
            }
          },
          {
            "contents": {
              "json": {
                "id": "0xac18a4fe1642bb3a71b727b17e255703619f1d3597a3ae0506088301c40db58d",
                "value": "200"
              },
              "type": {
                "repr": "0xdf9120e5a71690992b07514636e0fc181f0e7736076bd7a2a25eedfe79adfbc3::M1::Object"
              }
            }
          },
          {
            "contents": {
              "json": {
                "id": "0xf2cb9f272904197a8aeebd13d3451d586cec70fb63cff1e6cfc1eb6366e259a4",
                "value": "3"
              },
              "type": {
                "repr": "0xdf9120e5a71690992b07514636e0fc181f0e7736076bd7a2a25eedfe79adfbc3::M1::Object"
              }
            }
          }
        ]
      }
    },
    "latest_tx_at_checkpoint_3": {
      "nodes": [
        {
          "sender": {
            "objects_consistent_with_address_at_latest_checkpoint_4": {
              "nodes": [
                {
                  "contents": {
                    "json": {
                      "id": "0x1170ab1d54dc033041348e0fddb6b48792cd63bb566a6011b0fb4e355ed5103b",
                      "value": "4"
                    },
                    "type": {
                      "repr": "0xdf9120e5a71690992b07514636e0fc181f0e7736076bd7a2a25eedfe79adfbc3::M1::Object"
                    }
                  }
                },
                {
                  "contents": {
                    "json": {
                      "id": "0x5d126b311f3b9d95244fbe8b7190186a917fd2985e89921ded6db983dbfe7b8c",
                      "value": "5"
                    },
                    "type": {
                      "repr": "0xdf9120e5a71690992b07514636e0fc181f0e7736076bd7a2a25eedfe79adfbc3::M1::Object"
                    }
                  }
                },
                {
                  "contents": {
                    "json": {
                      "id": "0x7fc49aa1c1027426c49381bad73bf30a57c552e0693836cf242ccad857463958",
                      "value": "6"
                    },
                    "type": {
                      "repr": "0xdf9120e5a71690992b07514636e0fc181f0e7736076bd7a2a25eedfe79adfbc3::M1::Object"
                    }
                  }
                },
                {
                  "contents": {
                    "json": {
                      "id": "0xa968e0430577c27aea7b7be02d6b67bde1d6e788ca325844f1f6be26582d6828",
                      "value": "2"
                    },
                    "type": {
                      "repr": "0xdf9120e5a71690992b07514636e0fc181f0e7736076bd7a2a25eedfe79adfbc3::M1::Object"
                    }
                  }
                },
                {
                  "contents": {
                    "json": {
                      "id": "0xac18a4fe1642bb3a71b727b17e255703619f1d3597a3ae0506088301c40db58d",
                      "value": "200"
                    },
                    "type": {
                      "repr": "0xdf9120e5a71690992b07514636e0fc181f0e7736076bd7a2a25eedfe79adfbc3::M1::Object"
                    }
                  }
                },
                {
                  "contents": {
                    "json": {
                      "id": "0xf2cb9f272904197a8aeebd13d3451d586cec70fb63cff1e6cfc1eb6366e259a4",
                      "value": "3"
                    },
                    "type": {
                      "repr": "0xdf9120e5a71690992b07514636e0fc181f0e7736076bd7a2a25eedfe79adfbc3::M1::Object"
                    }
                  }
                }
              ]
            }
          },
          "gasInput": {
            "gasSponsor": {
              "objects": {
                "nodes": [
                  {
                    "contents": {
                      "json": {
                        "id": "0x1170ab1d54dc033041348e0fddb6b48792cd63bb566a6011b0fb4e355ed5103b",
                        "value": "4"
                      },
                      "type": {
                        "repr": "0xdf9120e5a71690992b07514636e0fc181f0e7736076bd7a2a25eedfe79adfbc3::M1::Object"
                      }
                    }
                  },
                  {
                    "contents": {
                      "json": {
                        "id": "0x5d126b311f3b9d95244fbe8b7190186a917fd2985e89921ded6db983dbfe7b8c",
                        "value": "5"
                      },
                      "type": {
                        "repr": "0xdf9120e5a71690992b07514636e0fc181f0e7736076bd7a2a25eedfe79adfbc3::M1::Object"
                      }
                    }
                  },
                  {
                    "contents": {
                      "json": {
                        "id": "0x7fc49aa1c1027426c49381bad73bf30a57c552e0693836cf242ccad857463958",
                        "value": "6"
                      },
                      "type": {
                        "repr": "0xdf9120e5a71690992b07514636e0fc181f0e7736076bd7a2a25eedfe79adfbc3::M1::Object"
                      }
                    }
                  },
                  {
                    "contents": {
                      "json": {
                        "id": "0xa968e0430577c27aea7b7be02d6b67bde1d6e788ca325844f1f6be26582d6828",
                        "value": "2"
                      },
                      "type": {
                        "repr": "0xdf9120e5a71690992b07514636e0fc181f0e7736076bd7a2a25eedfe79adfbc3::M1::Object"
                      }
                    }
                  },
                  {
                    "contents": {
                      "json": {
                        "id": "0xac18a4fe1642bb3a71b727b17e255703619f1d3597a3ae0506088301c40db58d",
                        "value": "200"
                      },
                      "type": {
                        "repr": "0xdf9120e5a71690992b07514636e0fc181f0e7736076bd7a2a25eedfe79adfbc3::M1::Object"
                      }
                    }
                  },
                  {
                    "contents": {
                      "json": {
                        "id": "0xf2cb9f272904197a8aeebd13d3451d586cec70fb63cff1e6cfc1eb6366e259a4",
                        "value": "3"
                      },
                      "type": {
                        "repr": "0xdf9120e5a71690992b07514636e0fc181f0e7736076bd7a2a25eedfe79adfbc3::M1::Object"
                      }
                    }
                  }
                ]
              }
            },
            "gasPayment": {
              "nodes": [
                {
                  "asMoveObject": {
                    "contents": {
                      "type": {
                        "repr": "0x0000000000000000000000000000000000000000000000000000000000000002::coin::Coin<0x0000000000000000000000000000000000000000000000000000000000000002::iota::IOTA>"
                      },
                      "json": {
                        "id": "0x57e01daa251972b846f970d5660e0b72ca345e76385e66cb0c3a93451b744f54",
                        "balance": {
                          "value": "299999993098000"
                        }
                      }
                    }
                  }
                }
              ]
            }
          }
        }
      ]
    },
    "object_at_checkpoint_2": {
      "owner": {
        "owner": {
          "objects": {
            "nodes": [
              {
                "contents": {
                  "json": {
                    "id": "0x1170ab1d54dc033041348e0fddb6b48792cd63bb566a6011b0fb4e355ed5103b",
                    "value": "4"
                  },
                  "type": {
                    "repr": "0xdf9120e5a71690992b07514636e0fc181f0e7736076bd7a2a25eedfe79adfbc3::M1::Object"
                  }
                }
              },
              {
                "contents": {
                  "json": {
                    "id": "0x5d126b311f3b9d95244fbe8b7190186a917fd2985e89921ded6db983dbfe7b8c",
                    "value": "5"
                  },
                  "type": {
                    "repr": "0xdf9120e5a71690992b07514636e0fc181f0e7736076bd7a2a25eedfe79adfbc3::M1::Object"
                  }
                }
              },
              {
                "contents": {
                  "json": {
                    "id": "0x7fc49aa1c1027426c49381bad73bf30a57c552e0693836cf242ccad857463958",
                    "value": "6"
                  },
                  "type": {
                    "repr": "0xdf9120e5a71690992b07514636e0fc181f0e7736076bd7a2a25eedfe79adfbc3::M1::Object"
                  }
                }
              },
              {
                "contents": {
                  "json": {
                    "id": "0xa968e0430577c27aea7b7be02d6b67bde1d6e788ca325844f1f6be26582d6828",
                    "value": "2"
                  },
                  "type": {
                    "repr": "0xdf9120e5a71690992b07514636e0fc181f0e7736076bd7a2a25eedfe79adfbc3::M1::Object"
                  }
                }
              },
              {
                "contents": {
                  "json": {
                    "id": "0xac18a4fe1642bb3a71b727b17e255703619f1d3597a3ae0506088301c40db58d",
                    "value": "200"
                  },
                  "type": {
                    "repr": "0xdf9120e5a71690992b07514636e0fc181f0e7736076bd7a2a25eedfe79adfbc3::M1::Object"
                  }
                }
              },
              {
                "contents": {
                  "json": {
                    "id": "0xf2cb9f272904197a8aeebd13d3451d586cec70fb63cff1e6cfc1eb6366e259a4",
                    "value": "3"
                  },
                  "type": {
                    "repr": "0xdf9120e5a71690992b07514636e0fc181f0e7736076bd7a2a25eedfe79adfbc3::M1::Object"
                  }
                }
              }
            ]
          }
        }
      }
    }
  }
}

task 11, lines 137-181:
//# run-graphql
Response: {
  "data": {
    "all_transactions": {
      "nodes": [
        {
          "sender": {
            "objects": {
              "nodes": [
                {
                  "contents": {
                    "json": {
                      "id": "0x1170ab1d54dc033041348e0fddb6b48792cd63bb566a6011b0fb4e355ed5103b",
                      "value": "4"
                    },
                    "type": {
                      "repr": "0xdf9120e5a71690992b07514636e0fc181f0e7736076bd7a2a25eedfe79adfbc3::M1::Object"
                    }
                  }
                },
                {
                  "contents": {
                    "json": {
                      "id": "0x5d126b311f3b9d95244fbe8b7190186a917fd2985e89921ded6db983dbfe7b8c",
                      "value": "5"
                    },
                    "type": {
                      "repr": "0xdf9120e5a71690992b07514636e0fc181f0e7736076bd7a2a25eedfe79adfbc3::M1::Object"
                    }
                  }
                },
                {
                  "contents": {
                    "json": {
                      "id": "0x7fc49aa1c1027426c49381bad73bf30a57c552e0693836cf242ccad857463958",
                      "value": "6"
                    },
                    "type": {
                      "repr": "0xdf9120e5a71690992b07514636e0fc181f0e7736076bd7a2a25eedfe79adfbc3::M1::Object"
                    }
                  }
                },
                {
                  "contents": {
                    "json": {
                      "id": "0xa968e0430577c27aea7b7be02d6b67bde1d6e788ca325844f1f6be26582d6828",
                      "value": "2"
                    },
                    "type": {
                      "repr": "0xdf9120e5a71690992b07514636e0fc181f0e7736076bd7a2a25eedfe79adfbc3::M1::Object"
                    }
                  }
                },
                {
                  "contents": {
                    "json": {
                      "id": "0xac18a4fe1642bb3a71b727b17e255703619f1d3597a3ae0506088301c40db58d",
                      "value": "200"
                    },
                    "type": {
                      "repr": "0xdf9120e5a71690992b07514636e0fc181f0e7736076bd7a2a25eedfe79adfbc3::M1::Object"
                    }
                  }
                },
                {
                  "contents": {
                    "json": {
                      "id": "0xf2cb9f272904197a8aeebd13d3451d586cec70fb63cff1e6cfc1eb6366e259a4",
                      "value": "3"
                    },
                    "type": {
                      "repr": "0xdf9120e5a71690992b07514636e0fc181f0e7736076bd7a2a25eedfe79adfbc3::M1::Object"
                    }
                  }
                }
              ]
            }
          },
          "gasInput": {
            "gasSponsor": {
              "objects": {
                "nodes": [
                  {
                    "contents": {
                      "json": {
                        "id": "0x1170ab1d54dc033041348e0fddb6b48792cd63bb566a6011b0fb4e355ed5103b",
                        "value": "4"
                      },
                      "type": {
                        "repr": "0xdf9120e5a71690992b07514636e0fc181f0e7736076bd7a2a25eedfe79adfbc3::M1::Object"
                      }
                    }
                  },
                  {
                    "contents": {
                      "json": {
                        "id": "0x5d126b311f3b9d95244fbe8b7190186a917fd2985e89921ded6db983dbfe7b8c",
                        "value": "5"
                      },
                      "type": {
                        "repr": "0xdf9120e5a71690992b07514636e0fc181f0e7736076bd7a2a25eedfe79adfbc3::M1::Object"
                      }
                    }
                  },
                  {
                    "contents": {
                      "json": {
                        "id": "0x7fc49aa1c1027426c49381bad73bf30a57c552e0693836cf242ccad857463958",
                        "value": "6"
                      },
                      "type": {
                        "repr": "0xdf9120e5a71690992b07514636e0fc181f0e7736076bd7a2a25eedfe79adfbc3::M1::Object"
                      }
                    }
                  },
                  {
                    "contents": {
                      "json": {
                        "id": "0xa968e0430577c27aea7b7be02d6b67bde1d6e788ca325844f1f6be26582d6828",
                        "value": "2"
                      },
                      "type": {
                        "repr": "0xdf9120e5a71690992b07514636e0fc181f0e7736076bd7a2a25eedfe79adfbc3::M1::Object"
                      }
                    }
                  },
                  {
                    "contents": {
                      "json": {
                        "id": "0xac18a4fe1642bb3a71b727b17e255703619f1d3597a3ae0506088301c40db58d",
                        "value": "200"
                      },
                      "type": {
                        "repr": "0xdf9120e5a71690992b07514636e0fc181f0e7736076bd7a2a25eedfe79adfbc3::M1::Object"
                      }
                    }
                  },
                  {
                    "contents": {
                      "json": {
                        "id": "0xf2cb9f272904197a8aeebd13d3451d586cec70fb63cff1e6cfc1eb6366e259a4",
                        "value": "3"
                      },
                      "type": {
                        "repr": "0xdf9120e5a71690992b07514636e0fc181f0e7736076bd7a2a25eedfe79adfbc3::M1::Object"
                      }
                    }
                  }
                ]
              }
            },
            "gasPayment": {
              "nodes": [
                {
                  "asMoveObject": {
                    "contents": {
                      "type": {
                        "repr": "0x0000000000000000000000000000000000000000000000000000000000000002::coin::Coin<0x0000000000000000000000000000000000000000000000000000000000000002::iota::IOTA>"
                      },
                      "json": {
                        "id": "0x57e01daa251972b846f970d5660e0b72ca345e76385e66cb0c3a93451b744f54",
                        "balance": {
                          "value": "300000000000000"
                        }
                      }
                    }
                  }
                }
              ]
            }
          }
        },
        {
          "sender": {
            "objects": {
              "nodes": [
                {
                  "contents": {
                    "json": {
                      "id": "0x1170ab1d54dc033041348e0fddb6b48792cd63bb566a6011b0fb4e355ed5103b",
                      "value": "4"
                    },
                    "type": {
                      "repr": "0xdf9120e5a71690992b07514636e0fc181f0e7736076bd7a2a25eedfe79adfbc3::M1::Object"
                    }
                  }
                },
                {
                  "contents": {
                    "json": {
                      "id": "0x5d126b311f3b9d95244fbe8b7190186a917fd2985e89921ded6db983dbfe7b8c",
                      "value": "5"
                    },
                    "type": {
                      "repr": "0xdf9120e5a71690992b07514636e0fc181f0e7736076bd7a2a25eedfe79adfbc3::M1::Object"
                    }
                  }
                },
                {
                  "contents": {
                    "json": {
                      "id": "0x7fc49aa1c1027426c49381bad73bf30a57c552e0693836cf242ccad857463958",
                      "value": "6"
                    },
                    "type": {
                      "repr": "0xdf9120e5a71690992b07514636e0fc181f0e7736076bd7a2a25eedfe79adfbc3::M1::Object"
                    }
                  }
                },
                {
                  "contents": {
                    "json": {
                      "id": "0xa968e0430577c27aea7b7be02d6b67bde1d6e788ca325844f1f6be26582d6828",
                      "value": "2"
                    },
                    "type": {
                      "repr": "0xdf9120e5a71690992b07514636e0fc181f0e7736076bd7a2a25eedfe79adfbc3::M1::Object"
                    }
                  }
                },
                {
                  "contents": {
                    "json": {
                      "id": "0xac18a4fe1642bb3a71b727b17e255703619f1d3597a3ae0506088301c40db58d",
                      "value": "200"
                    },
                    "type": {
                      "repr": "0xdf9120e5a71690992b07514636e0fc181f0e7736076bd7a2a25eedfe79adfbc3::M1::Object"
                    }
                  }
                },
                {
                  "contents": {
                    "json": {
                      "id": "0xf2cb9f272904197a8aeebd13d3451d586cec70fb63cff1e6cfc1eb6366e259a4",
                      "value": "3"
                    },
                    "type": {
                      "repr": "0xdf9120e5a71690992b07514636e0fc181f0e7736076bd7a2a25eedfe79adfbc3::M1::Object"
                    }
                  }
                }
              ]
            }
          },
          "gasInput": {
            "gasSponsor": {
              "objects": {
                "nodes": [
                  {
                    "contents": {
                      "json": {
                        "id": "0x1170ab1d54dc033041348e0fddb6b48792cd63bb566a6011b0fb4e355ed5103b",
                        "value": "4"
                      },
                      "type": {
                        "repr": "0xdf9120e5a71690992b07514636e0fc181f0e7736076bd7a2a25eedfe79adfbc3::M1::Object"
                      }
                    }
                  },
                  {
                    "contents": {
                      "json": {
                        "id": "0x5d126b311f3b9d95244fbe8b7190186a917fd2985e89921ded6db983dbfe7b8c",
                        "value": "5"
                      },
                      "type": {
                        "repr": "0xdf9120e5a71690992b07514636e0fc181f0e7736076bd7a2a25eedfe79adfbc3::M1::Object"
                      }
                    }
                  },
                  {
                    "contents": {
                      "json": {
                        "id": "0x7fc49aa1c1027426c49381bad73bf30a57c552e0693836cf242ccad857463958",
                        "value": "6"
                      },
                      "type": {
                        "repr": "0xdf9120e5a71690992b07514636e0fc181f0e7736076bd7a2a25eedfe79adfbc3::M1::Object"
                      }
                    }
                  },
                  {
                    "contents": {
                      "json": {
                        "id": "0xa968e0430577c27aea7b7be02d6b67bde1d6e788ca325844f1f6be26582d6828",
                        "value": "2"
                      },
                      "type": {
                        "repr": "0xdf9120e5a71690992b07514636e0fc181f0e7736076bd7a2a25eedfe79adfbc3::M1::Object"
                      }
                    }
                  },
                  {
                    "contents": {
                      "json": {
                        "id": "0xac18a4fe1642bb3a71b727b17e255703619f1d3597a3ae0506088301c40db58d",
                        "value": "200"
                      },
                      "type": {
                        "repr": "0xdf9120e5a71690992b07514636e0fc181f0e7736076bd7a2a25eedfe79adfbc3::M1::Object"
                      }
                    }
                  },
                  {
                    "contents": {
                      "json": {
                        "id": "0xf2cb9f272904197a8aeebd13d3451d586cec70fb63cff1e6cfc1eb6366e259a4",
                        "value": "3"
                      },
                      "type": {
                        "repr": "0xdf9120e5a71690992b07514636e0fc181f0e7736076bd7a2a25eedfe79adfbc3::M1::Object"
                      }
                    }
                  }
                ]
              }
            },
            "gasPayment": {
              "nodes": [
                {
                  "asMoveObject": {
                    "contents": {
                      "type": {
                        "repr": "0x0000000000000000000000000000000000000000000000000000000000000002::coin::Coin<0x0000000000000000000000000000000000000000000000000000000000000002::iota::IOTA>"
                      },
                      "json": {
                        "id": "0x57e01daa251972b846f970d5660e0b72ca345e76385e66cb0c3a93451b744f54",
                        "balance": {
                          "value": "299999996712400"
                        }
                      }
                    }
                  }
                }
              ]
            }
          }
        },
        {
          "sender": {
            "objects": {
              "nodes": [
                {
                  "contents": {
                    "json": {
                      "id": "0x1170ab1d54dc033041348e0fddb6b48792cd63bb566a6011b0fb4e355ed5103b",
                      "value": "4"
                    },
                    "type": {
                      "repr": "0xdf9120e5a71690992b07514636e0fc181f0e7736076bd7a2a25eedfe79adfbc3::M1::Object"
                    }
                  }
                },
                {
                  "contents": {
                    "json": {
                      "id": "0x5d126b311f3b9d95244fbe8b7190186a917fd2985e89921ded6db983dbfe7b8c",
                      "value": "5"
                    },
                    "type": {
                      "repr": "0xdf9120e5a71690992b07514636e0fc181f0e7736076bd7a2a25eedfe79adfbc3::M1::Object"
                    }
                  }
                },
                {
                  "contents": {
                    "json": {
                      "id": "0x7fc49aa1c1027426c49381bad73bf30a57c552e0693836cf242ccad857463958",
                      "value": "6"
                    },
                    "type": {
                      "repr": "0xdf9120e5a71690992b07514636e0fc181f0e7736076bd7a2a25eedfe79adfbc3::M1::Object"
                    }
                  }
                },
                {
                  "contents": {
                    "json": {
                      "id": "0xa968e0430577c27aea7b7be02d6b67bde1d6e788ca325844f1f6be26582d6828",
                      "value": "2"
                    },
                    "type": {
                      "repr": "0xdf9120e5a71690992b07514636e0fc181f0e7736076bd7a2a25eedfe79adfbc3::M1::Object"
                    }
                  }
                },
                {
                  "contents": {
                    "json": {
                      "id": "0xac18a4fe1642bb3a71b727b17e255703619f1d3597a3ae0506088301c40db58d",
                      "value": "200"
                    },
                    "type": {
                      "repr": "0xdf9120e5a71690992b07514636e0fc181f0e7736076bd7a2a25eedfe79adfbc3::M1::Object"
                    }
                  }
                },
                {
                  "contents": {
                    "json": {
                      "id": "0xf2cb9f272904197a8aeebd13d3451d586cec70fb63cff1e6cfc1eb6366e259a4",
                      "value": "3"
                    },
                    "type": {
                      "repr": "0xdf9120e5a71690992b07514636e0fc181f0e7736076bd7a2a25eedfe79adfbc3::M1::Object"
                    }
                  }
                }
              ]
            }
          },
          "gasInput": {
            "gasSponsor": {
              "objects": {
                "nodes": [
                  {
                    "contents": {
                      "json": {
                        "id": "0x1170ab1d54dc033041348e0fddb6b48792cd63bb566a6011b0fb4e355ed5103b",
                        "value": "4"
                      },
                      "type": {
                        "repr": "0xdf9120e5a71690992b07514636e0fc181f0e7736076bd7a2a25eedfe79adfbc3::M1::Object"
                      }
                    }
                  },
                  {
                    "contents": {
                      "json": {
                        "id": "0x5d126b311f3b9d95244fbe8b7190186a917fd2985e89921ded6db983dbfe7b8c",
                        "value": "5"
                      },
                      "type": {
                        "repr": "0xdf9120e5a71690992b07514636e0fc181f0e7736076bd7a2a25eedfe79adfbc3::M1::Object"
                      }
                    }
                  },
                  {
                    "contents": {
                      "json": {
                        "id": "0x7fc49aa1c1027426c49381bad73bf30a57c552e0693836cf242ccad857463958",
                        "value": "6"
                      },
                      "type": {
                        "repr": "0xdf9120e5a71690992b07514636e0fc181f0e7736076bd7a2a25eedfe79adfbc3::M1::Object"
                      }
                    }
                  },
                  {
                    "contents": {
                      "json": {
                        "id": "0xa968e0430577c27aea7b7be02d6b67bde1d6e788ca325844f1f6be26582d6828",
                        "value": "2"
                      },
                      "type": {
                        "repr": "0xdf9120e5a71690992b07514636e0fc181f0e7736076bd7a2a25eedfe79adfbc3::M1::Object"
                      }
                    }
                  },
                  {
                    "contents": {
                      "json": {
                        "id": "0xac18a4fe1642bb3a71b727b17e255703619f1d3597a3ae0506088301c40db58d",
                        "value": "200"
                      },
                      "type": {
                        "repr": "0xdf9120e5a71690992b07514636e0fc181f0e7736076bd7a2a25eedfe79adfbc3::M1::Object"
                      }
                    }
                  },
                  {
                    "contents": {
                      "json": {
                        "id": "0xf2cb9f272904197a8aeebd13d3451d586cec70fb63cff1e6cfc1eb6366e259a4",
                        "value": "3"
                      },
                      "type": {
                        "repr": "0xdf9120e5a71690992b07514636e0fc181f0e7736076bd7a2a25eedfe79adfbc3::M1::Object"
                      }
                    }
                  }
                ]
              }
            },
            "gasPayment": {
              "nodes": [
                {
                  "asMoveObject": {
                    "contents": {
                      "type": {
                        "repr": "0x0000000000000000000000000000000000000000000000000000000000000002::coin::Coin<0x0000000000000000000000000000000000000000000000000000000000000002::iota::IOTA>"
                      },
                      "json": {
                        "id": "0x57e01daa251972b846f970d5660e0b72ca345e76385e66cb0c3a93451b744f54",
                        "balance": {
                          "value": "299999993098000"
                        }
                      }
                    }
                  }
                }
              ]
            }
          }
        }
      ]
    }
  }
}

task 12, line 183:
//# create-checkpoint
Checkpoint created: 5

task 13, lines 185-259:
//# run-graphql
Response: {
  "data": {
    "address_at_latest_checkpoint_4": {
      "objects": {
        "nodes": [
          {
            "contents": {
              "json": {
                "id": "0x1170ab1d54dc033041348e0fddb6b48792cd63bb566a6011b0fb4e355ed5103b",
                "value": "4"
              },
              "type": {
                "repr": "0xdf9120e5a71690992b07514636e0fc181f0e7736076bd7a2a25eedfe79adfbc3::M1::Object"
              }
            }
          },
          {
            "contents": {
              "json": {
                "id": "0x5d126b311f3b9d95244fbe8b7190186a917fd2985e89921ded6db983dbfe7b8c",
                "value": "5"
              },
              "type": {
                "repr": "0xdf9120e5a71690992b07514636e0fc181f0e7736076bd7a2a25eedfe79adfbc3::M1::Object"
              }
            }
          },
          {
            "contents": {
              "json": {
                "id": "0x7fc49aa1c1027426c49381bad73bf30a57c552e0693836cf242ccad857463958",
                "value": "6"
              },
              "type": {
                "repr": "0xdf9120e5a71690992b07514636e0fc181f0e7736076bd7a2a25eedfe79adfbc3::M1::Object"
              }
            }
          },
          {
            "contents": {
              "json": {
                "id": "0xa968e0430577c27aea7b7be02d6b67bde1d6e788ca325844f1f6be26582d6828",
                "value": "2"
              },
              "type": {
                "repr": "0xdf9120e5a71690992b07514636e0fc181f0e7736076bd7a2a25eedfe79adfbc3::M1::Object"
              }
            }
          },
          {
            "contents": {
              "json": {
                "id": "0xac18a4fe1642bb3a71b727b17e255703619f1d3597a3ae0506088301c40db58d",
                "value": "200"
              },
              "type": {
                "repr": "0xdf9120e5a71690992b07514636e0fc181f0e7736076bd7a2a25eedfe79adfbc3::M1::Object"
              }
            }
          },
          {
            "contents": {
              "json": {
                "id": "0xf2cb9f272904197a8aeebd13d3451d586cec70fb63cff1e6cfc1eb6366e259a4",
                "value": "3"
              },
              "type": {
                "repr": "0xdf9120e5a71690992b07514636e0fc181f0e7736076bd7a2a25eedfe79adfbc3::M1::Object"
              }
            }
          }
        ]
      }
    },
    "latest_tx_at_checkpoint_3": {
      "nodes": [
        {
          "sender": {
            "objects": {
              "nodes": [
                {
                  "contents": {
                    "json": {
                      "id": "0x1170ab1d54dc033041348e0fddb6b48792cd63bb566a6011b0fb4e355ed5103b",
                      "value": "4"
                    },
                    "type": {
                      "repr": "0xdf9120e5a71690992b07514636e0fc181f0e7736076bd7a2a25eedfe79adfbc3::M1::Object"
                    }
                  }
                },
                {
                  "contents": {
                    "json": {
                      "id": "0x5d126b311f3b9d95244fbe8b7190186a917fd2985e89921ded6db983dbfe7b8c",
                      "value": "5"
                    },
                    "type": {
                      "repr": "0xdf9120e5a71690992b07514636e0fc181f0e7736076bd7a2a25eedfe79adfbc3::M1::Object"
                    }
                  }
                },
                {
                  "contents": {
                    "json": {
                      "id": "0x7fc49aa1c1027426c49381bad73bf30a57c552e0693836cf242ccad857463958",
                      "value": "6"
                    },
                    "type": {
                      "repr": "0xdf9120e5a71690992b07514636e0fc181f0e7736076bd7a2a25eedfe79adfbc3::M1::Object"
                    }
                  }
                },
                {
                  "contents": {
                    "json": {
                      "id": "0xa968e0430577c27aea7b7be02d6b67bde1d6e788ca325844f1f6be26582d6828",
                      "value": "2"
                    },
                    "type": {
                      "repr": "0xdf9120e5a71690992b07514636e0fc181f0e7736076bd7a2a25eedfe79adfbc3::M1::Object"
                    }
                  }
                },
                {
                  "contents": {
                    "json": {
                      "id": "0xac18a4fe1642bb3a71b727b17e255703619f1d3597a3ae0506088301c40db58d",
                      "value": "200"
                    },
                    "type": {
                      "repr": "0xdf9120e5a71690992b07514636e0fc181f0e7736076bd7a2a25eedfe79adfbc3::M1::Object"
                    }
                  }
                },
                {
                  "contents": {
                    "json": {
                      "id": "0xf2cb9f272904197a8aeebd13d3451d586cec70fb63cff1e6cfc1eb6366e259a4",
                      "value": "3"
                    },
                    "type": {
                      "repr": "0xdf9120e5a71690992b07514636e0fc181f0e7736076bd7a2a25eedfe79adfbc3::M1::Object"
                    }
                  }
                }
              ]
            }
          },
          "gasInput": {
            "gasSponsor": {
              "objects": {
                "nodes": [
                  {
                    "contents": {
                      "json": {
                        "id": "0x1170ab1d54dc033041348e0fddb6b48792cd63bb566a6011b0fb4e355ed5103b",
                        "value": "4"
                      },
                      "type": {
                        "repr": "0xdf9120e5a71690992b07514636e0fc181f0e7736076bd7a2a25eedfe79adfbc3::M1::Object"
                      }
                    }
                  },
                  {
                    "contents": {
                      "json": {
                        "id": "0x5d126b311f3b9d95244fbe8b7190186a917fd2985e89921ded6db983dbfe7b8c",
                        "value": "5"
                      },
                      "type": {
                        "repr": "0xdf9120e5a71690992b07514636e0fc181f0e7736076bd7a2a25eedfe79adfbc3::M1::Object"
                      }
                    }
                  },
                  {
                    "contents": {
                      "json": {
                        "id": "0x7fc49aa1c1027426c49381bad73bf30a57c552e0693836cf242ccad857463958",
                        "value": "6"
                      },
                      "type": {
                        "repr": "0xdf9120e5a71690992b07514636e0fc181f0e7736076bd7a2a25eedfe79adfbc3::M1::Object"
                      }
                    }
                  },
                  {
                    "contents": {
                      "json": {
                        "id": "0xa968e0430577c27aea7b7be02d6b67bde1d6e788ca325844f1f6be26582d6828",
                        "value": "2"
                      },
                      "type": {
                        "repr": "0xdf9120e5a71690992b07514636e0fc181f0e7736076bd7a2a25eedfe79adfbc3::M1::Object"
                      }
                    }
                  },
                  {
                    "contents": {
                      "json": {
                        "id": "0xac18a4fe1642bb3a71b727b17e255703619f1d3597a3ae0506088301c40db58d",
                        "value": "200"
                      },
                      "type": {
                        "repr": "0xdf9120e5a71690992b07514636e0fc181f0e7736076bd7a2a25eedfe79adfbc3::M1::Object"
                      }
                    }
                  },
                  {
                    "contents": {
                      "json": {
                        "id": "0xf2cb9f272904197a8aeebd13d3451d586cec70fb63cff1e6cfc1eb6366e259a4",
                        "value": "3"
                      },
                      "type": {
                        "repr": "0xdf9120e5a71690992b07514636e0fc181f0e7736076bd7a2a25eedfe79adfbc3::M1::Object"
                      }
                    }
                  }
                ]
              }
            },
            "gasPayment": {
              "nodes": [
                {
                  "asMoveObject": {
                    "contents": {
                      "type": {
                        "repr": "0x0000000000000000000000000000000000000000000000000000000000000002::coin::Coin<0x0000000000000000000000000000000000000000000000000000000000000002::iota::IOTA>"
                      },
                      "json": {
                        "id": "0x57e01daa251972b846f970d5660e0b72ca345e76385e66cb0c3a93451b744f54",
                        "balance": {
                          "value": "299999993098000"
                        }
                      }
                    }
                  }
                }
              ]
            }
          }
        }
      ]
    },
    "object_at_checkpoint_2": {
      "owner": {
        "owner": {
          "objects": {
            "nodes": [
              {
                "contents": {
                  "json": {
                    "id": "0x1170ab1d54dc033041348e0fddb6b48792cd63bb566a6011b0fb4e355ed5103b",
                    "value": "4"
                  },
                  "type": {
                    "repr": "0xdf9120e5a71690992b07514636e0fc181f0e7736076bd7a2a25eedfe79adfbc3::M1::Object"
                  }
                }
              },
              {
                "contents": {
                  "json": {
                    "id": "0x5d126b311f3b9d95244fbe8b7190186a917fd2985e89921ded6db983dbfe7b8c",
                    "value": "5"
                  },
                  "type": {
                    "repr": "0xdf9120e5a71690992b07514636e0fc181f0e7736076bd7a2a25eedfe79adfbc3::M1::Object"
                  }
                }
              },
              {
                "contents": {
                  "json": {
                    "id": "0x7fc49aa1c1027426c49381bad73bf30a57c552e0693836cf242ccad857463958",
                    "value": "6"
                  },
                  "type": {
                    "repr": "0xdf9120e5a71690992b07514636e0fc181f0e7736076bd7a2a25eedfe79adfbc3::M1::Object"
                  }
                }
              },
              {
                "contents": {
                  "json": {
                    "id": "0xa968e0430577c27aea7b7be02d6b67bde1d6e788ca325844f1f6be26582d6828",
                    "value": "2"
                  },
                  "type": {
                    "repr": "0xdf9120e5a71690992b07514636e0fc181f0e7736076bd7a2a25eedfe79adfbc3::M1::Object"
                  }
                }
              },
              {
                "contents": {
                  "json": {
                    "id": "0xac18a4fe1642bb3a71b727b17e255703619f1d3597a3ae0506088301c40db58d",
                    "value": "200"
                  },
                  "type": {
                    "repr": "0xdf9120e5a71690992b07514636e0fc181f0e7736076bd7a2a25eedfe79adfbc3::M1::Object"
                  }
                }
              },
              {
                "contents": {
                  "json": {
                    "id": "0xf2cb9f272904197a8aeebd13d3451d586cec70fb63cff1e6cfc1eb6366e259a4",
                    "value": "3"
                  },
                  "type": {
                    "repr": "0xdf9120e5a71690992b07514636e0fc181f0e7736076bd7a2a25eedfe79adfbc3::M1::Object"
                  }
                }
              }
            ]
          }
        }
      }
    }
  }
}

task 14, line 261:
//# create-checkpoint
Checkpoint created: 6

task 15, lines 263-296:
//# run-graphql
Response: {
  "data": {
    "all_transactions": {
      "nodes": [
        {
          "sender": {
            "objects": {
              "nodes": [
                {
                  "contents": {
                    "json": {
                      "id": "0x1170ab1d54dc033041348e0fddb6b48792cd63bb566a6011b0fb4e355ed5103b",
                      "value": "4"
                    },
                    "type": {
                      "repr": "0xdf9120e5a71690992b07514636e0fc181f0e7736076bd7a2a25eedfe79adfbc3::M1::Object"
                    }
                  }
                },
                {
                  "contents": {
                    "json": {
                      "id": "0x5d126b311f3b9d95244fbe8b7190186a917fd2985e89921ded6db983dbfe7b8c",
                      "value": "5"
                    },
                    "type": {
                      "repr": "0xdf9120e5a71690992b07514636e0fc181f0e7736076bd7a2a25eedfe79adfbc3::M1::Object"
                    }
                  }
                },
                {
                  "contents": {
                    "json": {
                      "id": "0x7fc49aa1c1027426c49381bad73bf30a57c552e0693836cf242ccad857463958",
                      "value": "6"
                    },
                    "type": {
                      "repr": "0xdf9120e5a71690992b07514636e0fc181f0e7736076bd7a2a25eedfe79adfbc3::M1::Object"
                    }
                  }
                },
                {
                  "contents": {
                    "json": {
                      "id": "0xa968e0430577c27aea7b7be02d6b67bde1d6e788ca325844f1f6be26582d6828",
                      "value": "2"
                    },
                    "type": {
                      "repr": "0xdf9120e5a71690992b07514636e0fc181f0e7736076bd7a2a25eedfe79adfbc3::M1::Object"
                    }
                  }
                },
                {
                  "contents": {
                    "json": {
                      "id": "0xac18a4fe1642bb3a71b727b17e255703619f1d3597a3ae0506088301c40db58d",
                      "value": "200"
                    },
                    "type": {
                      "repr": "0xdf9120e5a71690992b07514636e0fc181f0e7736076bd7a2a25eedfe79adfbc3::M1::Object"
                    }
                  }
                },
                {
                  "contents": {
                    "json": {
                      "id": "0xf2cb9f272904197a8aeebd13d3451d586cec70fb63cff1e6cfc1eb6366e259a4",
                      "value": "3"
                    },
                    "type": {
                      "repr": "0xdf9120e5a71690992b07514636e0fc181f0e7736076bd7a2a25eedfe79adfbc3::M1::Object"
                    }
                  }
                }
              ]
            }
          },
          "gasInput": {
            "gasSponsor": {
              "objects": {
                "nodes": [
                  {
                    "contents": {
                      "json": {
                        "id": "0x1170ab1d54dc033041348e0fddb6b48792cd63bb566a6011b0fb4e355ed5103b",
                        "value": "4"
                      },
                      "type": {
                        "repr": "0xdf9120e5a71690992b07514636e0fc181f0e7736076bd7a2a25eedfe79adfbc3::M1::Object"
                      }
                    }
                  },
                  {
                    "contents": {
                      "json": {
                        "id": "0x5d126b311f3b9d95244fbe8b7190186a917fd2985e89921ded6db983dbfe7b8c",
                        "value": "5"
                      },
                      "type": {
                        "repr": "0xdf9120e5a71690992b07514636e0fc181f0e7736076bd7a2a25eedfe79adfbc3::M1::Object"
                      }
                    }
                  },
                  {
                    "contents": {
                      "json": {
                        "id": "0x7fc49aa1c1027426c49381bad73bf30a57c552e0693836cf242ccad857463958",
                        "value": "6"
                      },
                      "type": {
                        "repr": "0xdf9120e5a71690992b07514636e0fc181f0e7736076bd7a2a25eedfe79adfbc3::M1::Object"
                      }
                    }
                  },
                  {
                    "contents": {
                      "json": {
                        "id": "0xa968e0430577c27aea7b7be02d6b67bde1d6e788ca325844f1f6be26582d6828",
                        "value": "2"
                      },
                      "type": {
                        "repr": "0xdf9120e5a71690992b07514636e0fc181f0e7736076bd7a2a25eedfe79adfbc3::M1::Object"
                      }
                    }
                  },
                  {
                    "contents": {
                      "json": {
                        "id": "0xac18a4fe1642bb3a71b727b17e255703619f1d3597a3ae0506088301c40db58d",
                        "value": "200"
                      },
                      "type": {
                        "repr": "0xdf9120e5a71690992b07514636e0fc181f0e7736076bd7a2a25eedfe79adfbc3::M1::Object"
                      }
                    }
                  },
                  {
                    "contents": {
                      "json": {
                        "id": "0xf2cb9f272904197a8aeebd13d3451d586cec70fb63cff1e6cfc1eb6366e259a4",
                        "value": "3"
                      },
                      "type": {
                        "repr": "0xdf9120e5a71690992b07514636e0fc181f0e7736076bd7a2a25eedfe79adfbc3::M1::Object"
                      }
                    }
                  }
                ]
              }
            }
          }
        },
        {
          "sender": {
            "objects": {
              "nodes": [
                {
                  "contents": {
                    "json": {
                      "id": "0x1170ab1d54dc033041348e0fddb6b48792cd63bb566a6011b0fb4e355ed5103b",
                      "value": "4"
                    },
                    "type": {
                      "repr": "0xdf9120e5a71690992b07514636e0fc181f0e7736076bd7a2a25eedfe79adfbc3::M1::Object"
                    }
                  }
                },
                {
                  "contents": {
                    "json": {
                      "id": "0x5d126b311f3b9d95244fbe8b7190186a917fd2985e89921ded6db983dbfe7b8c",
                      "value": "5"
                    },
                    "type": {
                      "repr": "0xdf9120e5a71690992b07514636e0fc181f0e7736076bd7a2a25eedfe79adfbc3::M1::Object"
                    }
                  }
                },
                {
                  "contents": {
                    "json": {
                      "id": "0x7fc49aa1c1027426c49381bad73bf30a57c552e0693836cf242ccad857463958",
                      "value": "6"
                    },
                    "type": {
                      "repr": "0xdf9120e5a71690992b07514636e0fc181f0e7736076bd7a2a25eedfe79adfbc3::M1::Object"
                    }
                  }
                },
                {
                  "contents": {
                    "json": {
                      "id": "0xa968e0430577c27aea7b7be02d6b67bde1d6e788ca325844f1f6be26582d6828",
                      "value": "2"
                    },
                    "type": {
                      "repr": "0xdf9120e5a71690992b07514636e0fc181f0e7736076bd7a2a25eedfe79adfbc3::M1::Object"
                    }
                  }
                },
                {
                  "contents": {
                    "json": {
                      "id": "0xac18a4fe1642bb3a71b727b17e255703619f1d3597a3ae0506088301c40db58d",
                      "value": "200"
                    },
                    "type": {
                      "repr": "0xdf9120e5a71690992b07514636e0fc181f0e7736076bd7a2a25eedfe79adfbc3::M1::Object"
                    }
                  }
                },
                {
                  "contents": {
                    "json": {
                      "id": "0xf2cb9f272904197a8aeebd13d3451d586cec70fb63cff1e6cfc1eb6366e259a4",
                      "value": "3"
                    },
                    "type": {
                      "repr": "0xdf9120e5a71690992b07514636e0fc181f0e7736076bd7a2a25eedfe79adfbc3::M1::Object"
                    }
                  }
                }
              ]
            }
          },
          "gasInput": {
            "gasSponsor": {
              "objects": {
                "nodes": [
                  {
                    "contents": {
                      "json": {
                        "id": "0x1170ab1d54dc033041348e0fddb6b48792cd63bb566a6011b0fb4e355ed5103b",
                        "value": "4"
                      },
                      "type": {
                        "repr": "0xdf9120e5a71690992b07514636e0fc181f0e7736076bd7a2a25eedfe79adfbc3::M1::Object"
                      }
                    }
                  },
                  {
                    "contents": {
                      "json": {
                        "id": "0x5d126b311f3b9d95244fbe8b7190186a917fd2985e89921ded6db983dbfe7b8c",
                        "value": "5"
                      },
                      "type": {
                        "repr": "0xdf9120e5a71690992b07514636e0fc181f0e7736076bd7a2a25eedfe79adfbc3::M1::Object"
                      }
                    }
                  },
                  {
                    "contents": {
                      "json": {
                        "id": "0x7fc49aa1c1027426c49381bad73bf30a57c552e0693836cf242ccad857463958",
                        "value": "6"
                      },
                      "type": {
                        "repr": "0xdf9120e5a71690992b07514636e0fc181f0e7736076bd7a2a25eedfe79adfbc3::M1::Object"
                      }
                    }
                  },
                  {
                    "contents": {
                      "json": {
                        "id": "0xa968e0430577c27aea7b7be02d6b67bde1d6e788ca325844f1f6be26582d6828",
                        "value": "2"
                      },
                      "type": {
                        "repr": "0xdf9120e5a71690992b07514636e0fc181f0e7736076bd7a2a25eedfe79adfbc3::M1::Object"
                      }
                    }
                  },
                  {
                    "contents": {
                      "json": {
                        "id": "0xac18a4fe1642bb3a71b727b17e255703619f1d3597a3ae0506088301c40db58d",
                        "value": "200"
                      },
                      "type": {
                        "repr": "0xdf9120e5a71690992b07514636e0fc181f0e7736076bd7a2a25eedfe79adfbc3::M1::Object"
                      }
                    }
                  },
                  {
                    "contents": {
                      "json": {
                        "id": "0xf2cb9f272904197a8aeebd13d3451d586cec70fb63cff1e6cfc1eb6366e259a4",
                        "value": "3"
                      },
                      "type": {
                        "repr": "0xdf9120e5a71690992b07514636e0fc181f0e7736076bd7a2a25eedfe79adfbc3::M1::Object"
                      }
                    }
                  }
                ]
              }
            }
          }
        },
        {
          "sender": {
            "objects": {
              "nodes": [
                {
                  "contents": {
                    "json": {
                      "id": "0x1170ab1d54dc033041348e0fddb6b48792cd63bb566a6011b0fb4e355ed5103b",
                      "value": "4"
                    },
                    "type": {
                      "repr": "0xdf9120e5a71690992b07514636e0fc181f0e7736076bd7a2a25eedfe79adfbc3::M1::Object"
                    }
                  }
                },
                {
                  "contents": {
                    "json": {
                      "id": "0x5d126b311f3b9d95244fbe8b7190186a917fd2985e89921ded6db983dbfe7b8c",
                      "value": "5"
                    },
                    "type": {
                      "repr": "0xdf9120e5a71690992b07514636e0fc181f0e7736076bd7a2a25eedfe79adfbc3::M1::Object"
                    }
                  }
                },
                {
                  "contents": {
                    "json": {
                      "id": "0x7fc49aa1c1027426c49381bad73bf30a57c552e0693836cf242ccad857463958",
                      "value": "6"
                    },
                    "type": {
                      "repr": "0xdf9120e5a71690992b07514636e0fc181f0e7736076bd7a2a25eedfe79adfbc3::M1::Object"
                    }
                  }
                },
                {
                  "contents": {
                    "json": {
                      "id": "0xa968e0430577c27aea7b7be02d6b67bde1d6e788ca325844f1f6be26582d6828",
                      "value": "2"
                    },
                    "type": {
                      "repr": "0xdf9120e5a71690992b07514636e0fc181f0e7736076bd7a2a25eedfe79adfbc3::M1::Object"
                    }
                  }
                },
                {
                  "contents": {
                    "json": {
                      "id": "0xac18a4fe1642bb3a71b727b17e255703619f1d3597a3ae0506088301c40db58d",
                      "value": "200"
                    },
                    "type": {
                      "repr": "0xdf9120e5a71690992b07514636e0fc181f0e7736076bd7a2a25eedfe79adfbc3::M1::Object"
                    }
                  }
                },
                {
                  "contents": {
                    "json": {
                      "id": "0xf2cb9f272904197a8aeebd13d3451d586cec70fb63cff1e6cfc1eb6366e259a4",
                      "value": "3"
                    },
                    "type": {
                      "repr": "0xdf9120e5a71690992b07514636e0fc181f0e7736076bd7a2a25eedfe79adfbc3::M1::Object"
                    }
                  }
                }
              ]
            }
          },
          "gasInput": {
            "gasSponsor": {
              "objects": {
                "nodes": [
                  {
                    "contents": {
                      "json": {
                        "id": "0x1170ab1d54dc033041348e0fddb6b48792cd63bb566a6011b0fb4e355ed5103b",
                        "value": "4"
                      },
                      "type": {
                        "repr": "0xdf9120e5a71690992b07514636e0fc181f0e7736076bd7a2a25eedfe79adfbc3::M1::Object"
                      }
                    }
                  },
                  {
                    "contents": {
                      "json": {
                        "id": "0x5d126b311f3b9d95244fbe8b7190186a917fd2985e89921ded6db983dbfe7b8c",
                        "value": "5"
                      },
                      "type": {
                        "repr": "0xdf9120e5a71690992b07514636e0fc181f0e7736076bd7a2a25eedfe79adfbc3::M1::Object"
                      }
                    }
                  },
                  {
                    "contents": {
                      "json": {
                        "id": "0x7fc49aa1c1027426c49381bad73bf30a57c552e0693836cf242ccad857463958",
                        "value": "6"
                      },
                      "type": {
                        "repr": "0xdf9120e5a71690992b07514636e0fc181f0e7736076bd7a2a25eedfe79adfbc3::M1::Object"
                      }
                    }
                  },
                  {
                    "contents": {
                      "json": {
                        "id": "0xa968e0430577c27aea7b7be02d6b67bde1d6e788ca325844f1f6be26582d6828",
                        "value": "2"
                      },
                      "type": {
                        "repr": "0xdf9120e5a71690992b07514636e0fc181f0e7736076bd7a2a25eedfe79adfbc3::M1::Object"
                      }
                    }
                  },
                  {
                    "contents": {
                      "json": {
                        "id": "0xac18a4fe1642bb3a71b727b17e255703619f1d3597a3ae0506088301c40db58d",
                        "value": "200"
                      },
                      "type": {
                        "repr": "0xdf9120e5a71690992b07514636e0fc181f0e7736076bd7a2a25eedfe79adfbc3::M1::Object"
                      }
                    }
                  },
                  {
                    "contents": {
                      "json": {
                        "id": "0xf2cb9f272904197a8aeebd13d3451d586cec70fb63cff1e6cfc1eb6366e259a4",
                        "value": "3"
                      },
                      "type": {
                        "repr": "0xdf9120e5a71690992b07514636e0fc181f0e7736076bd7a2a25eedfe79adfbc3::M1::Object"
                      }
                    }
                  }
                ]
              }
            }
          }
        }
      ]
    }
  }
}
