---
source: external-crates/move/crates/move-transactional-test-runner/src/framework.rs
---
processed 3 tasks

init:
A: object(0,0)

task 1, lines 9-15:
//# publish
created: object(1,0)
mutated: object(0,1)
gas summary: computation_cost: 1000000, computation_cost_burned: 1000000, storage_cost: 3458000,  storage_rebate: 0, non_refundable_storage_fee: 0

task 2, lines 17-18:
//# programmable --sender A --inputs 0 --dev-inspect
//> 0: test::m::return_ref(Input(0));
mutated: object(_)
gas summary: computation_cost: 1000000, computation_cost_burned: 1000000, storage_cost: 980400,  storage_rebate: 0, non_refundable_storage_fee: 0
