---
source: external-crates/move/crates/move-transactional-test-runner/src/framework.rs
---
processed 5 tasks

init:
A: object(0,0)

task 1, lines 7-55:
//# publish --upgradeable --sender A
created: object(1,0), object(1,1)
mutated: object(0,0)
gas summary: computation_cost: 1000000, computation_cost_burned: 1000000, storage_cost: 10495600,  storage_rebate: 0, non_refundable_storage_fee: 0

task 2, lines 57-59:
//# programmable --inputs @A
//> 0: P0::m::foo();
//> TransferObjects([Result(0)], Input(0))
created: object(2,0)
mutated: object(0,1)
gas summary: computation_cost: 1000000, computation_cost_burned: 1000000, storage_cost: 3017200,  storage_rebate: 0, non_refundable_storage_fee: 0

task 3, line 61:
//# create-checkpoint
Checkpoint created: 1

task 4, lines 63-84:
//# run-graphql
Response: {
  "data": {
    "transactionBlocks": {
      "nodes": [
        {
          "effects": {
            "objectChanges": {
              "nodes": [
                {
                  "outputState": {
                    "asMoveObject": {
                      "contents": {
                        "type": {
                          "repr": "0x0000000000000000000000000000000000000000000000000000000000000002::coin::Coin<0x0000000000000000000000000000000000000000000000000000000000000002::iota::IOTA>"
                        },
                        "data": {
                          "Struct": [
                            {
                              "name": "id",
                              "value": {
                                "UID": [
                                  111,
                                  97,
                                  228,
                                  175,
                                  193,
                                  233,
                                  240,
                                  35,
                                  193,
                                  22,
                                  148,
                                  82,
                                  69,
                                  255,
                                  159,
                                  203,
                                  28,
                                  96,
                                  171,
                                  92,
                                  232,
                                  178,
                                  14,
                                  43,
                                  32,
                                  234,
                                  227,
                                  216,
                                  62,
                                  111,
                                  79,
                                  224
                                ]
                              }
                            },
                            {
                              "name": "balance",
                              "value": {
                                "Struct": [
                                  {
                                    "name": "value",
                                    "value": {
                                      "Number": "299999995982800"
                                    }
                                  }
                                ]
                              }
                            }
                          ]
                        },
                        "json": {
                          "id": "0x6f61e4afc1e9f023c116945245ff9fcb1c60ab5ce8b20e2b20eae3d83e6f4fe0",
                          "balance": {
                            "value": "299999995982800"
                          }
                        }
                      }
                    }
                  }
                },
                {
                  "outputState": {
                    "asMoveObject": {
                      "contents": {
                        "type": {
                          "repr": "0xf210a282fd5df957e40bdf8c7536a035233e6ebd306132390cb10d67b4ae3d77::m::Foo"
                        },
                        "data": {
                          "Struct": [
                            {
                              "name": "id",
                              "value": {
                                "UID": [
                                  235,
                                  17,
                                  204,
                                  36,
                                  83,
                                  225,
                                  192,
                                  186,
                                  116,
                                  44,
                                  86,
                                  207,
                                  239,
                                  177,
                                  245,
                                  53,
                                  176,
                                  145,
                                  179,
                                  216,
                                  218,
                                  243,
                                  161,
                                  175,
                                  208,
                                  107,
                                  158,
                                  49,
                                  141,
                                  10,
                                  37,
                                  42
                                ]
                              }
                            },
                            {
                              "name": "f0",
                              "value": {
                                "ID": [
                                  235,
                                  17,
                                  204,
                                  36,
                                  83,
                                  225,
                                  192,
                                  186,
                                  116,
                                  44,
                                  86,
                                  207,
                                  239,
                                  177,
                                  245,
                                  53,
                                  176,
                                  145,
                                  179,
                                  216,
                                  218,
                                  243,
                                  161,
                                  175,
                                  208,
                                  107,
                                  158,
                                  49,
                                  141,
                                  10,
                                  37,
                                  42
                                ]
                              }
                            },
                            {
                              "name": "f1",
                              "value": {
                                "Bool": true
                              }
                            },
                            {
                              "name": "f2",
                              "value": {
                                "Number": "42"
                              }
                            },
                            {
                              "name": "f3",
                              "value": {
                                "Number": "43"
                              }
                            },
                            {
                              "name": "f4",
                              "value": {
                                "String": "hello"
                              }
                            },
                            {
                              "name": "f5",
                              "value": {
                                "String": "world"
                              }
                            },
                            {
                              "name": "f6",
                              "value": {
                                "Vector": [
                                  {
                                    "Address": [
                                      235,
                                      17,
                                      204,
                                      36,
                                      83,
                                      225,
                                      192,
                                      186,
                                      116,
                                      44,
                                      86,
                                      207,
                                      239,
                                      177,
                                      245,
                                      53,
                                      176,
                                      145,
                                      179,
                                      216,
                                      218,
                                      243,
                                      161,
                                      175,
                                      208,
                                      107,
                                      158,
                                      49,
                                      141,
                                      10,
                                      37,
                                      42
                                    ]
                                  }
                                ]
                              }
                            },
                            {
                              "name": "f7",
                              "value": {
                                "Option": {
                                  "Number": "44"
                                }
                              }
                            },
                            {
                              "name": "f8",
                              "value": {
                                "Variant": {
                                  "name": "A",
                                  "fields": []
                                }
                              }
                            },
                            {
                              "name": "f9",
                              "value": {
                                "Variant": {
                                  "name": "B",
                                  "fields": []
                                }
                              }
                            },
                            {
                              "name": "f10",
                              "value": {
                                "Variant": {
                                  "name": "C",
                                  "fields": [
                                    {
                                      "name": "pos0",
                                      "value": {
                                        "Number": "45"
                                      }
                                    }
                                  ]
                                }
                              }
                            },
                            {
                              "name": "f11",
                              "value": {
                                "Variant": {
                                  "name": "D",
                                  "fields": [
                                    {
                                      "name": "x",
                                      "value": {
                                        "Number": "46"
                                      }
                                    }
                                  ]
                                }
                              }
                            }
                          ]
                        },
                        "json": {
                          "id": "0xeb11cc2453e1c0ba742c56cfefb1f535b091b3d8daf3a1afd06b9e318d0a252a",
                          "f0": "0xeb11cc2453e1c0ba742c56cfefb1f535b091b3d8daf3a1afd06b9e318d0a252a",
                          "f1": true,
                          "f2": 42,
                          "f3": "43",
                          "f4": "hello",
                          "f5": "world",
                          "f6": [
                            "0xeb11cc2453e1c0ba742c56cfefb1f535b091b3d8daf3a1afd06b9e318d0a252a"
                          ],
                          "f7": 44,
                          "f8": {
                            "A": {}
                          },
                          "f9": {
                            "B": {}
                          },
                          "f10": {
                            "C": {
                              "pos0": 45
                            }
                          },
                          "f11": {
                            "D": {
                              "x": "46"
                            }
                          }
                        }
                      }
                    }
                  }
                }
              ]
            }
          }
        }
      ]
    }
  }
}
